node.exe : - Generating 
browser application 
bundles (phase: setup)...
Au caractère Ligne:1 : 1
+ & "C:\Program 
Files\nodejs/node.exe" 
"C:\Program 
Files\nodejs/node_mo ...
+ ~~~~~~~~~~~~~~~~~~~~~~~~~
~~~~~~~~~~~~~~~~~~~~~~~~~~~
~~~~~~~~~~~~~~~~~
    + CategoryInfo         
     : NotSpecified: (- G  
  enerating br...hase: s   
 etup)...:String) [], R    
emoteException
    + FullyQualifiedErrorI 
   d : NativeCommandError
 
Ô£ö Browser application 
bundle generation complete.
Ô£ö Browser application 
bundle generation complete.

Warning: src/app/features/t
ournament-dashboard/tournam
ent-dashboard.component.htm
l:35:65 - warning NG8107: 
The left side of this 
optional chain operation 
does not include 'null' or 
'undefined' in its type, 
therefore the '?.' 
operator can be replaced 
with the '.' operator.

35       <p class="td-hero_
_label">Season 2025 ┬À {{ 
activeBracket?.category || 
'Street League' }}</p>
                           
                           
             ~~~~~~~~

  src/app/features/tourname
nt-dashboard/tournament-das
hboard.component.ts:120:16
    120   templateUrl: './t
ournament-dashboard.compone
nt.html',
                       ~~~~
~~~~~~~~~~~~~~~~~~~~~~~~~~~
~~~~~~~~
    Error occurs in the 
template of component Tourn
amentDashboardComponent.


Warning: src/app/features/t
ournament-dashboard/tournam
ent-dashboard.component.htm
l:183:76 - warning NG8107: 
The left side of this 
optional chain operation 
does not include 'null' or 
'undefined' in its type, 
therefore the '?.' 
operator can be replaced 
with the '.' operator.

183             <span 
class="td-bp-sel-dot" [styl
e.background]="activeBracke
t?.color"></span>
                           
                           
                         
~~~~~

  src/app/features/tourname
nt-dashboard/tournament-das
hboard.component.ts:120:16
    120   templateUrl: './t
ournament-dashboard.compone
nt.html',
                       ~~~~
~~~~~~~~~~~~~~~~~~~~~~~~~~~
~~~~~~~~
    Error occurs in the 
template of component Tourn
amentDashboardComponent.


Warning: C:/Users/BLADE/Des
ktop/ALL/PI/PI_StreetLeague
/frontend/src/app/features/
auth/login/login.component.
css exceeded maximum 
budget. Budget 2.00 kB was 
not met by 4.52 kB with a 
total of 6.52 kB.

Warning: C:/Users/BLADE/Des
ktop/ALL/PI/PI_StreetLeague
/frontend/src/app/features/
coaching/dashboard/dashboar
d.component.css exceeded 
maximum budget. Budget 
2.00 kB was not met by 
3.64 kB with a total of 
5.64 kB.

Warning: C:/Users/BLADE/Des
ktop/ALL/PI/PI_StreetLeague
/frontend/src/app/features/
coaching/exercices/exercice
-list/exercice-list.compone
nt.css exceeded maximum 
budget. Budget 2.00 kB was 
not met by 1.30 kB with a 
total of 3.30 kB.

Warning: C:/Users/BLADE/Des
ktop/ALL/PI/PI_StreetLeague
/frontend/src/app/features/
coaching/seances/seance-det
ails/seance-details.compone
nt.css exceeded maximum 
budget. Budget 2.00 kB was 
not met by 2.33 kB with a 
total of 4.33 kB.

Warning: C:/Users/BLADE/Des
ktop/ALL/PI/PI_StreetLeague
/frontend/src/app/features/
player-dashboard/player-das
hboard.component.css 
exceeded maximum budget. 
Budget 2.00 kB was not met 
by 6.67 kB with a total of 
8.67 kB.

Warning: C:/Users/BLADE/Des
ktop/ALL/PI/PI_StreetLeague
/frontend/src/app/features/
terrain-manager-dashboard/t
errain-manager-dashboard.co
mponent.css exceeded 
maximum budget. Budget 
2.00 kB was not met by 
9.61 kB with a total of 
11.61 kB.

Warning: C:/Users/BLADE/Des
ktop/ALL/PI/PI_StreetLeague
/frontend/src/app/features/
tournament-dashboard/tourna
ment-dashboard.component.cs
s exceeded maximum budget. 
Budget 2.00 kB was not met 
by 56.37 kB with a total 
of 58.37 kB.

Warning: C:/Users/BLADE/Des
ktop/ALL/PI/PI_StreetLeague
/frontend/src/app/layouts/m
ain-layout/main-layout.comp
onent.css exceeded maximum 
budget. Budget 2.00 kB was 
not met by 2.88 kB with a 
total of 4.88 kB.



./src/app/features/coaching
/programmes/programme-detai
ls/programme-details.compon
ent.ts:1:0-26 - Error: 
Module not found: Error: 
Can't resolve 'jspdf' in 'C
:\Users\BLADE\Desktop\ALL\P
I\PI_StreetLeague\frontend\
src\app\features\coaching\p
rogrammes\programme-details
'

./src/app/features/coaching
/programmes/programme-detai
ls/programme-details.compon
ent.ts:2:0-40 - Error: 
Module not found: Error: 
Can't resolve 
'jspdf-autotable' in 'C:\Us
ers\BLADE\Desktop\ALL\PI\PI
_StreetLeague\frontend\src\
app\features\coaching\progr
ammes\programme-details'

Error: src/app/features/coa
ching/programmes/programme-
details/programme-details.c
omponent.ts:6:19 - error 
TS2307: Cannot find module 
'jspdf' or its 
corresponding type 
declarations.

6 import jsPDF from 
'jspdf';
                    ~~~~~~~


Error: src/app/features/coa
ching/programmes/programme-
details/programme-details.c
omponent.ts:7:23 - error 
TS2307: Cannot find module 
'jspdf-autotable' or its 
corresponding type 
declarations.

7 import autoTable from 
'jspdf-autotable';
                        
~~~~~~~~~~~~~~~~~


Error: C:/Users/BLADE/Deskt
op/ALL/PI/PI_StreetLeague/f
rontend/src/app/features/au
th/login/login.component.cs
s exceeded maximum budget. 
Budget 4.00 kB was not met 
by 2.52 kB with a total of 
6.52 kB.

Error: C:/Users/BLADE/Deskt
op/ALL/PI/PI_StreetLeague/f
rontend/src/app/features/co
aching/dashboard/dashboard.
component.css exceeded 
maximum budget. Budget 
4.00 kB was not met by 
1.64 kB with a total of 
5.64 kB.

Error: C:/Users/BLADE/Deskt
op/ALL/PI/PI_StreetLeague/f
rontend/src/app/features/co
aching/seances/seance-detai
ls/seance-details.component
.css exceeded maximum 
budget. Budget 4.00 kB was 
not met by 341 bytes with 
a total of 4.33 kB.

Error: C:/Users/BLADE/Deskt
op/ALL/PI/PI_StreetLeague/f
rontend/src/app/features/pl
ayer-dashboard/player-dashb
oard.component.css 
exceeded maximum budget. 
Budget 4.00 kB was not met 
by 4.67 kB with a total of 
8.67 kB.

Error: C:/Users/BLADE/Deskt
op/ALL/PI/PI_StreetLeague/f
rontend/src/app/features/te
rrain-manager-dashboard/ter
rain-manager-dashboard.comp
onent.css exceeded maximum 
budget. Budget 4.00 kB was 
not met by 7.61 kB with a 
total of 11.61 kB.

Error: C:/Users/BLADE/Deskt
op/ALL/PI/PI_StreetLeague/f
rontend/src/app/features/to
urnament-dashboard/tourname
nt-dashboard.component.css 
exceeded maximum budget. 
Budget 4.00 kB was not met 
by 54.37 kB with a total 
of 58.37 kB.

Error: C:/Users/BLADE/Deskt
op/ALL/PI/PI_StreetLeague/f
rontend/src/app/layouts/mai
n-layout/main-layout.compon
ent.css exceeded maximum 
budget. Budget 4.00 kB was 
not met by 896 bytes with 
a total of 4.88 kB.


